23:06:29 **** Incremental Build of configuration Debug for project STM32_DSP ****
make -j16 all 
arm-none-eabi-gcc "../Core/Src/main.c" -mcpu=cortex-m4 -std=gnu11 -g3 -DDEBUG -DUSE_HAL_DRIVER -DSTM32F446xx -c -I../Core/Inc -I../Drivers/STM32F4xx_HAL_Driver/Inc -I../Drivers/STM32F4xx_HAL_Driver/Inc/Legacy -I../Drivers/CMSIS/Device/ST/STM32F4xx/Include -I../Drivers/CMSIS/Include -O0 -ffunction-sections -fdata-sections -Wall -fstack-usage -fcyclomatic-complexity -MMD -MP -MF"Core/Src/main.d" -MT"Core/Src/main.o" --specs=nano.specs -mfpu=fpv4-sp-d16 -mfloat-abi=hard -mthumb -o "Core/Src/main.o"
arm-none-eabi-gcc "../Core/Src/mpu9250.c" -mcpu=cortex-m4 -std=gnu11 -g3 -DDEBUG -DUSE_HAL_DRIVER -DSTM32F446xx -c -I../Core/Inc -I../Drivers/STM32F4xx_HAL_Driver/Inc -I../Drivers/STM32F4xx_HAL_Driver/Inc/Legacy -I../Drivers/CMSIS/Device/ST/STM32F4xx/Include -I../Drivers/CMSIS/Include -O0 -ffunction-sections -fdata-sections -Wall -fstack-usage -fcyclomatic-complexity -MMD -MP -MF"Core/Src/mpu9250.d" -MT"Core/Src/mpu9250.o" --specs=nano.specs -mfpu=fpv4-sp-d16 -mfloat-abi=hard -mthumb -o "Core/Src/mpu9250.o"
../Core/Src/mpu9250.c: In function 'ReadRegister':
../Core/Src/mpu9250.c:37:29: warning: passing argument 2 of 'HAL_SPI_Receive' from incompatible pointer type [-Wincompatible-pointer-types]
   37 |     HAL_SPI_Receive(&hspi1, &pBuffer, size, SPI_TIMEOUT);
      |                             ^~~~~~~~
      |                             |
      |                             uint8_t ** {aka unsigned char **}
In file included from ../Core/Inc/stm32f4xx_hal_conf.h:403,
                 from ../Drivers/STM32F4xx_HAL_Driver/Inc/stm32f4xx_hal.h:29,
                 from ../Core/Inc/main.h:30,
                 from ../Core/Inc/mpu9250.h:13,
                 from ../Core/Src/mpu9250.c:7:
../Drivers/STM32F4xx_HAL_Driver/Inc/stm32f4xx_hal_spi.h:671:69: note: expected 'uint8_t *' {aka 'unsigned char *'} but argument is of type 'uint8_t **' {aka 'unsigned char **'}
  671 | HAL_StatusTypeDef HAL_SPI_Receive(SPI_HandleTypeDef *hspi, uint8_t *pData, uint16_t Size, uint32_t Timeout);
      |                                                            ~~~~~~~~~^~~~~
../Core/Src/mpu9250.c: In function 'IMU_Init':
../Core/Src/mpu9250.c:159:1: warning: control reaches end of non-void function [-Wreturn-type]
  159 | }
      | ^
arm-none-eabi-gcc -o "STM32_DSP.elf" @"objects.list"   -mcpu=cortex-m4 -T"C:\Users\pc\Documents\STM32_DSP\STM32_DSP\STM32F446RETX_FLASH.ld" --specs=nosys.specs -Wl,-Map="STM32_DSP.map" -Wl,--gc-sections -static -u _printf_float --specs=nano.specs -mfpu=fpv4-sp-d16 -mfloat-abi=hard -mthumb -Wl,--start-group -lc -lm -Wl,--end-group
Finished building target: STM32_DSP.elf
 
arm-none-eabi-size  STM32_DSP.elf 
arm-none-eabi-objdump -h -S STM32_DSP.elf  > "STM32_DSP.list"
   text	   data	    bss	    dec	    hex	filename
  27512	    476	   2156	  30144	   75c0	STM32_DSP.elf
Finished building: default.size.stdout
 
Finished building: STM32_DSP.list
 
23:06:34 **** Incremental Build of configuration Debug for project STM32_DSP ****
make -j16 all 
arm-none-eabi-size  STM32_DSP.elf 
   text	   data	    bss	    dec	    hex	filename
  27512	    476	   2156	  30144	   75c0	STM32_DSP.elf
Finished building: default.size.stdout
 
23:13:15 **** Incremental Build of configuration Debug for project STM32_DSP ****
make -j16 all 
arm-none-eabi-gcc "../Core/Src/main.c" -mcpu=cortex-m4 -std=gnu11 -g3 -DDEBUG -DUSE_HAL_DRIVER -DSTM32F446xx -c -I../Core/Inc -I../Drivers/STM32F4xx_HAL_Driver/Inc -I../Drivers/STM32F4xx_HAL_Driver/Inc/Legacy -I../Drivers/CMSIS/Device/ST/STM32F4xx/Include -I../Drivers/CMSIS/Include -O0 -ffunction-sections -fdata-sections -Wall -fstack-usage -fcyclomatic-complexity -MMD -MP -MF"Core/Src/main.d" -MT"Core/Src/main.o" --specs=nano.specs -mfpu=fpv4-sp-d16 -mfloat-abi=hard -mthumb -o "Core/Src/main.o"
arm-none-eabi-gcc -o "STM32_DSP.elf" @"objects.list"   -mcpu=cortex-m4 -T"C:\Users\pc\Documents\STM32_DSP\STM32_DSP\STM32F446RETX_FLASH.ld" --specs=nosys.specs -Wl,-Map="STM32_DSP.map" -Wl,--gc-sections -static -u _printf_float --specs=nano.specs -mfpu=fpv4-sp-d16 -mfloat-abi=hard -mthumb -Wl,--start-group -lc -lm -Wl,--end-group
Finished building target: STM32_DSP.elf
 
arm-none-eabi-size  STM32_DSP.elf 
arm-none-eabi-objdump -h -S STM32_DSP.elf  > "STM32_DSP.list"
   text	   data	    bss	    dec	    hex	filename
  28128	    476	   2156	  30760	   7828	STM32_DSP.elf
Finished building: default.size.stdout
 
Finished building: STM32_DSP.list
 
23:14:56 **** Incremental Build of configuration Debug for project STM32_DSP ****
make -j16 all 
arm-none-eabi-gcc "../Core/Src/main.c" -mcpu=cortex-m4 -std=gnu11 -g3 -DDEBUG -DUSE_HAL_DRIVER -DSTM32F446xx -c -I../Core/Inc -I../Drivers/STM32F4xx_HAL_Driver/Inc -I../Drivers/STM32F4xx_HAL_Driver/Inc/Legacy -I../Drivers/CMSIS/Device/ST/STM32F4xx/Include -I../Drivers/CMSIS/Include -O0 -ffunction-sections -fdata-sections -Wall -fstack-usage -fcyclomatic-complexity -MMD -MP -MF"Core/Src/main.d" -MT"Core/Src/main.o" --specs=nano.specs -mfpu=fpv4-sp-d16 -mfloat-abi=hard -mthumb -o "Core/Src/main.o"
arm-none-eabi-gcc -o "STM32_DSP.elf" @"objects.list"   -mcpu=cortex-m4 -T"C:\Users\pc\Documents\STM32_DSP\STM32_DSP\STM32F446RETX_FLASH.ld" --specs=nosys.specs -Wl,-Map="STM32_DSP.map" -Wl,--gc-sections -static -u _printf_float --specs=nano.specs -mfpu=fpv4-sp-d16 -mfloat-abi=hard -mthumb -Wl,--start-group -lc -lm -Wl,--end-group
Finished building target: STM32_DSP.elf
 
arm-none-eabi-size  STM32_DSP.elf 
arm-none-eabi-objdump -h -S STM32_DSP.elf  > "STM32_DSP.list"
   text	   data	    bss	    dec	    hex	filename
  28088	    476	   2156	  30720	   7800	STM32_DSP.elf
Finished building: default.size.stdout
 
Finished building: STM32_DSP.list
 
23:16:55 **** Incremental Build of configuration Debug for project STM32_DSP ****
make -j16 all 
arm-none-eabi-gcc "../Core/Src/main.c" -mcpu=cortex-m4 -std=gnu11 -g3 -DDEBUG -DUSE_HAL_DRIVER -DSTM32F446xx -c -I../Core/Inc -I../Drivers/STM32F4xx_HAL_Driver/Inc -I../Drivers/STM32F4xx_HAL_Driver/Inc/Legacy -I../Drivers/CMSIS/Device/ST/STM32F4xx/Include -I../Drivers/CMSIS/Include -O0 -ffunction-sections -fdata-sections -Wall -fstack-usage -fcyclomatic-complexity -MMD -MP -MF"Core/Src/main.d" -MT"Core/Src/main.o" --specs=nano.specs -mfpu=fpv4-sp-d16 -mfloat-abi=hard -mthumb -o "Core/Src/main.o"
arm-none-eabi-gcc -o "STM32_DSP.elf" @"objects.list"   -mcpu=cortex-m4 -T"C:\Users\pc\Documents\STM32_DSP\STM32_DSP\STM32F446RETX_FLASH.ld" --specs=nosys.specs -Wl,-Map="STM32_DSP.map" -Wl,--gc-sections -static -u _printf_float --specs=nano.specs -mfpu=fpv4-sp-d16 -mfloat-abi=hard -mthumb -Wl,--start-group -lc -lm -Wl,--end-group
Finished building target: STM32_DSP.elf
 
arm-none-eabi-size  STM32_DSP.elf 
arm-none-eabi-objdump -h -S STM32_DSP.elf  > "STM32_DSP.list"
   text	   data	    bss	    dec	    hex	filename
  28544	    476	   2156	  31176	   79c8	STM32_DSP.elf
Finished building: default.size.stdout
 
Finished building: STM32_DSP.list
 
23:18:09 **** Incremental Build of configuration Debug for project STM32_DSP ****
make -j16 all 
arm-none-eabi-gcc "../Core/Src/mpu9250.c" -mcpu=cortex-m4 -std=gnu11 -g3 -DDEBUG -DUSE_HAL_DRIVER -DSTM32F446xx -c -I../Core/Inc -I../Drivers/STM32F4xx_HAL_Driver/Inc -I../Drivers/STM32F4xx_HAL_Driver/Inc/Legacy -I../Drivers/CMSIS/Device/ST/STM32F4xx/Include -I../Drivers/CMSIS/Include -O0 -ffunction-sections -fdata-sections -Wall -fstack-usage -fcyclomatic-complexity -MMD -MP -MF"Core/Src/mpu9250.d" -MT"Core/Src/mpu9250.o" --specs=nano.specs -mfpu=fpv4-sp-d16 -mfloat-abi=hard -mthumb -o "Core/Src/mpu9250.o"
../Core/Src/mpu9250.c: In function 'ReadRegister':
../Core/Src/mpu9250.c:37:29: warning: passing argument 2 of 'HAL_SPI_Receive' from incompatible pointer type [-Wincompatible-pointer-types]
   37 |     HAL_SPI_Receive(&hspi1, &pBuffer, size, SPI_TIMEOUT);
      |                             ^~~~~~~~
      |                             |
      |                             uint8_t ** {aka unsigned char **}
In file included from ../Core/Inc/stm32f4xx_hal_conf.h:403,
                 from ../Drivers/STM32F4xx_HAL_Driver/Inc/stm32f4xx_hal.h:29,
                 from ../Core/Inc/main.h:30,
                 from ../Core/Inc/mpu9250.h:13,
                 from ../Core/Src/mpu9250.c:7:
../Drivers/STM32F4xx_HAL_Driver/Inc/stm32f4xx_hal_spi.h:671:69: note: expected 'uint8_t *' {aka 'unsigned char *'} but argument is of type 'uint8_t **' {aka 'unsigned char **'}
  671 | HAL_StatusTypeDef HAL_SPI_Receive(SPI_HandleTypeDef *hspi, uint8_t *pData, uint16_t Size, uint32_t Timeout);
      |                                                            ~~~~~~~~~^~~~~
../Core/Src/mpu9250.c: In function 'IMU_Init':
../Core/Src/mpu9250.c:152:1: warning: control reaches end of non-void function [-Wreturn-type]
  152 | }
      | ^
arm-none-eabi-gcc -o "STM32_DSP.elf" @"objects.list"   -mcpu=cortex-m4 -T"C:\Users\pc\Documents\STM32_DSP\STM32_DSP\STM32F446RETX_FLASH.ld" --specs=nosys.specs -Wl,-Map="STM32_DSP.map" -Wl,--gc-sections -static -u _printf_float --specs=nano.specs -mfpu=fpv4-sp-d16 -mfloat-abi=hard -mthumb -Wl,--start-group -lc -lm -Wl,--end-group
Finished building target: STM32_DSP.elf
 
arm-none-eabi-size  STM32_DSP.elf 
arm-none-eabi-objdump -h -S STM32_DSP.elf  > "STM32_DSP.list"
   text	   data	    bss	    dec	    hex	filename
  28504	    476	   2156	  31136	   79a0	STM32_DSP.elf
Finished building: default.size.stdout
 
Finished building: STM32_DSP.list
 
23:19:21 **** Incremental Build of configuration Debug for project STM32_DSP ****
make -j16 all 
arm-none-eabi-gcc "../Core/Src/main.c" -mcpu=cortex-m4 -std=gnu11 -g3 -DDEBUG -DUSE_HAL_DRIVER -DSTM32F446xx -c -I../Core/Inc -I../Drivers/STM32F4xx_HAL_Driver/Inc -I../Drivers/STM32F4xx_HAL_Driver/Inc/Legacy -I../Drivers/CMSIS/Device/ST/STM32F4xx/Include -I../Drivers/CMSIS/Include -O0 -ffunction-sections -fdata-sections -Wall -fstack-usage -fcyclomatic-complexity -MMD -MP -MF"Core/Src/main.d" -MT"Core/Src/main.o" --specs=nano.specs -mfpu=fpv4-sp-d16 -mfloat-abi=hard -mthumb -o "Core/Src/main.o"
arm-none-eabi-gcc -o "STM32_DSP.elf" @"objects.list"   -mcpu=cortex-m4 -T"C:\Users\pc\Documents\STM32_DSP\STM32_DSP\STM32F446RETX_FLASH.ld" --specs=nosys.specs -Wl,-Map="STM32_DSP.map" -Wl,--gc-sections -static -u _printf_float --specs=nano.specs -mfpu=fpv4-sp-d16 -mfloat-abi=hard -mthumb -Wl,--start-group -lc -lm -Wl,--end-group
Finished building target: STM32_DSP.elf
 
arm-none-eabi-size  STM32_DSP.elf 
arm-none-eabi-objdump -h -S STM32_DSP.elf  > "STM32_DSP.list"
   text	   data	    bss	    dec	    hex	filename
  28088	    476	   2156	  30720	   7800	STM32_DSP.elf
Finished building: default.size.stdout
 
Finished building: STM32_DSP.list
 
23:22:52 **** Incremental Build of configuration Debug for project STM32_DSP ****
make -j16 all 
arm-none-eabi-size  STM32_DSP.elf 
   text	   data	    bss	    dec	    hex	filename
  28088	    476	   2156	  30720	   7800	STM32_DSP.elf
Finished building: default.size.stdout
 
23:23:14 **** Incremental Build of configuration Debug for project STM32_DSP ****
make -j16 all 
arm-none-eabi-gcc "../Core/Src/main.c" -mcpu=cortex-m4 -std=gnu11 -g3 -DDEBUG -DUSE_HAL_DRIVER -DSTM32F446xx -c -I../Core/Inc -I../Drivers/STM32F4xx_HAL_Driver/Inc -I../Drivers/STM32F4xx_HAL_Driver/Inc/Legacy -I../Drivers/CMSIS/Device/ST/STM32F4xx/Include -I../Drivers/CMSIS/Include -O0 -ffunction-sections -fdata-sections -Wall -fstack-usage -fcyclomatic-complexity -MMD -MP -MF"Core/Src/main.d" -MT"Core/Src/main.o" --specs=nano.specs -mfpu=fpv4-sp-d16 -mfloat-abi=hard -mthumb -o "Core/Src/main.o"
arm-none-eabi-gcc -o "STM32_DSP.elf" @"objects.list"   -mcpu=cortex-m4 -T"C:\Users\pc\Documents\STM32_DSP\STM32_DSP\STM32F446RETX_FLASH.ld" --specs=nosys.specs -Wl,-Map="STM32_DSP.map" -Wl,--gc-sections -static -u _printf_float --specs=nano.specs -mfpu=fpv4-sp-d16 -mfloat-abi=hard -mthumb -Wl,--start-group -lc -lm -Wl,--end-group
Finished building target: STM32_DSP.elf
 
arm-none-eabi-size  STM32_DSP.elf 
arm-none-eabi-objdump -h -S STM32_DSP.elf  > "STM32_DSP.list"
   text	   data	    bss	    dec	    hex	filename
  28504	    476	   2156	  31136	   79a0	STM32_DSP.elf
Finished building: default.size.stdout
 
Finished building: STM32_DSP.list
 
