15:05:08 **** Incremental Build of configuration Debug for project STM32_DSP ****
make -j16 all 
arm-none-eabi-gcc "../Core/Src/mpu9250-i2c.c" -mcpu=cortex-m4 -std=gnu11 -g3 -DDEBUG -DUSE_HAL_DRIVER -DSTM32F446xx -c -I../Core/Inc -I../Drivers/STM32F4xx_HAL_Driver/Inc -I../Drivers/STM32F4xx_HAL_Driver/Inc/Legacy -I../Drivers/CMSIS/Device/ST/STM32F4xx/Include -I../Drivers/CMSIS/Include -O0 -ffunction-sections -fdata-sections -Wall -fstack-usage -fcyclomatic-complexity -MMD -MP -MF"Core/Src/mpu9250-i2c.d" -MT"Core/Src/mpu9250-i2c.o" --specs=nano.specs -mfpu=fpv4-sp-d16 -mfloat-abi=hard -mthumb -o "Core/Src/mpu9250-i2c.o"
../Core/Src/mpu9250-i2c.c: In function 'ACCEL_SCALE':
../Core/Src/mpu9250-i2c.c:29:31: warning: passing argument 1 of 'HAL_I2C_Mem_Write' from incompatible pointer type [-Wincompatible-pointer-types]
   29 |             HAL_I2C_Mem_Write(&I2Cx, _addr, ACCEL_CONFIG_1, 1, ACCEL_FS_2G, 1, I2C_TIMEOUT);
      |                               ^~~~~
      |                               |
      |                               I2C_HandleTypeDef **
In file included from ../Core/Inc/stm32f4xx_hal_conf.h:363,
                 from ../Drivers/STM32F4xx_HAL_Driver/Inc/stm32f4xx_hal.h:29,
                 from ../Core/Inc/main.h:30,
                 from ../Core/Inc/mpu9250-i2c.h:20,
                 from ../Core/Src/mpu9250-i2c.c:8:
../Drivers/STM32F4xx_HAL_Driver/Inc/stm32f4xx_hal_i2c.h:570:56: note: expected 'I2C_HandleTypeDef *' but argument is of type 'I2C_HandleTypeDef **'
  570 | HAL_StatusTypeDef HAL_I2C_Mem_Write(I2C_HandleTypeDef *hi2c, uint16_t DevAddress, uint16_t MemAddress, uint16_t MemAddSize, uint8_t *pData, uint16_t Size, uint32_t Timeout);
      |                                     ~~~~~~~~~~~~~~~~~~~^~~~
../Core/Src/mpu9250-i2c.c:33:31: warning: passing argument 1 of 'HAL_I2C_Mem_Write' from incompatible pointer type [-Wincompatible-pointer-types]
   33 |             HAL_I2C_Mem_Write(&I2Cx, _addr, ACCEL_CONFIG_1, 1, ACCEL_FS_4G, 1, I2C_TIMEOUT);
      |                               ^~~~~
      |                               |
      |                               I2C_HandleTypeDef **
In file included from ../Core/Inc/stm32f4xx_hal_conf.h:363,
                 from ../Drivers/STM32F4xx_HAL_Driver/Inc/stm32f4xx_hal.h:29,
                 from ../Core/Inc/main.h:30,
                 from ../Core/Inc/mpu9250-i2c.h:20,
                 from ../Core/Src/mpu9250-i2c.c:8:
../Drivers/STM32F4xx_HAL_Driver/Inc/stm32f4xx_hal_i2c.h:570:56: note: expected 'I2C_HandleTypeDef *' but argument is of type 'I2C_HandleTypeDef **'
  570 | HAL_StatusTypeDef HAL_I2C_Mem_Write(I2C_HandleTypeDef *hi2c, uint16_t DevAddress, uint16_t MemAddress, uint16_t MemAddSize, uint8_t *pData, uint16_t Size, uint32_t Timeout);
      |                                     ~~~~~~~~~~~~~~~~~~~^~~~
../Core/Src/mpu9250-i2c.c:33:64: warning: passing argument 5 of 'HAL_I2C_Mem_Write' makes pointer from integer without a cast [-Wint-conversion]
   33 |             HAL_I2C_Mem_Write(&I2Cx, _addr, ACCEL_CONFIG_1, 1, ACCEL_FS_4G, 1, I2C_TIMEOUT);
      |                                                                ^~~~~~~~~~~
      |                                                                |
      |                                                                int
In file included from ../Core/Inc/stm32f4xx_hal_conf.h:363,
                 from ../Drivers/STM32F4xx_HAL_Driver/Inc/stm32f4xx_hal.h:29,
                 from ../Core/Inc/main.h:30,
                 from ../Core/Inc/mpu9250-i2c.h:20,
                 from ../Core/Src/mpu9250-i2c.c:8:
../Drivers/STM32F4xx_HAL_Driver/Inc/stm32f4xx_hal_i2c.h:570:134: note: expected 'uint8_t *' {aka 'unsigned char *'} but argument is of type 'int'
  570 | HAL_StatusTypeDef HAL_I2C_Mem_Write(I2C_HandleTypeDef *hi2c, uint16_t DevAddress, uint16_t MemAddress, uint16_t MemAddSize, uint8_t *pData, uint16_t Size, uint32_t Timeout);
      |                                                                                                                             ~~~~~~~~~^~~~~
../Core/Src/mpu9250-i2c.c:37:31: warning: passing argument 1 of 'HAL_I2C_Mem_Write' from incompatible pointer type [-Wincompatible-pointer-types]
   37 |             HAL_I2C_Mem_Write(&I2Cx, _addr, ACCEL_CONFIG_1, 1, ACCEL_FS_8G, 1, I2C_TIMEOUT);
      |                               ^~~~~
      |                               |
      |                               I2C_HandleTypeDef **
In file included from ../Core/Inc/stm32f4xx_hal_conf.h:363,
                 from ../Drivers/STM32F4xx_HAL_Driver/Inc/stm32f4xx_hal.h:29,
                 from ../Core/Inc/main.h:30,
                 from ../Core/Inc/mpu9250-i2c.h:20,
                 from ../Core/Src/mpu9250-i2c.c:8:
../Drivers/STM32F4xx_HAL_Driver/Inc/stm32f4xx_hal_i2c.h:570:56: note: expected 'I2C_HandleTypeDef *' but argument is of type 'I2C_HandleTypeDef **'
  570 | HAL_StatusTypeDef HAL_I2C_Mem_Write(I2C_HandleTypeDef *hi2c, uint16_t DevAddress, uint16_t MemAddress, uint16_t MemAddSize, uint8_t *pData, uint16_t Size, uint32_t Timeout);
      |                                     ~~~~~~~~~~~~~~~~~~~^~~~
../Core/Src/mpu9250-i2c.c:37:64: warning: passing argument 5 of 'HAL_I2C_Mem_Write' makes pointer from integer without a cast [-Wint-conversion]
   37 |             HAL_I2C_Mem_Write(&I2Cx, _addr, ACCEL_CONFIG_1, 1, ACCEL_FS_8G, 1, I2C_TIMEOUT);
      |                                                                ^~~~~~~~~~~
      |                                                                |
      |                                                                int
In file included from ../Core/Inc/stm32f4xx_hal_conf.h:363,
                 from ../Drivers/STM32F4xx_HAL_Driver/Inc/stm32f4xx_hal.h:29,
                 from ../Core/Inc/main.h:30,
                 from ../Core/Inc/mpu9250-i2c.h:20,
                 from ../Core/Src/mpu9250-i2c.c:8:
../Drivers/STM32F4xx_HAL_Driver/Inc/stm32f4xx_hal_i2c.h:570:134: note: expected 'uint8_t *' {aka 'unsigned char *'} but argument is of type 'int'
  570 | HAL_StatusTypeDef HAL_I2C_Mem_Write(I2C_HandleTypeDef *hi2c, uint16_t DevAddress, uint16_t MemAddress, uint16_t MemAddSize, uint8_t *pData, uint16_t Size, uint32_t Timeout);
      |                                                                                                                             ~~~~~~~~~^~~~~
../Core/Src/mpu9250-i2c.c:41:31: warning: passing argument 1 of 'HAL_I2C_Mem_Write' from incompatible pointer type [-Wincompatible-pointer-types]
   41 |             HAL_I2C_Mem_Write(&I2Cx, _addr, ACCEL_CONFIG_1, 1, ACCEL_FS_16G, 1, I2C_TIMEOUT);
      |                               ^~~~~
      |                               |
      |                               I2C_HandleTypeDef **
In file included from ../Core/Inc/stm32f4xx_hal_conf.h:363,
                 from ../Drivers/STM32F4xx_HAL_Driver/Inc/stm32f4xx_hal.h:29,
                 from ../Core/Inc/main.h:30,
                 from ../Core/Inc/mpu9250-i2c.h:20,
                 from ../Core/Src/mpu9250-i2c.c:8:
../Drivers/STM32F4xx_HAL_Driver/Inc/stm32f4xx_hal_i2c.h:570:56: note: expected 'I2C_HandleTypeDef *' but argument is of type 'I2C_HandleTypeDef **'
  570 | HAL_StatusTypeDef HAL_I2C_Mem_Write(I2C_HandleTypeDef *hi2c, uint16_t DevAddress, uint16_t MemAddress, uint16_t MemAddSize, uint8_t *pData, uint16_t Size, uint32_t Timeout);
      |                                     ~~~~~~~~~~~~~~~~~~~^~~~
../Core/Src/mpu9250-i2c.c:41:64: warning: passing argument 5 of 'HAL_I2C_Mem_Write' makes pointer from integer without a cast [-Wint-conversion]
   41 |             HAL_I2C_Mem_Write(&I2Cx, _addr, ACCEL_CONFIG_1, 1, ACCEL_FS_16G, 1, I2C_TIMEOUT);
      |                                                                ^~~~~~~~~~~~
      |                                                                |
      |                                                                int
In file included from ../Core/Inc/stm32f4xx_hal_conf.h:363,
                 from ../Drivers/STM32F4xx_HAL_Driver/Inc/stm32f4xx_hal.h:29,
                 from ../Core/Inc/main.h:30,
                 from ../Core/Inc/mpu9250-i2c.h:20,
                 from ../Core/Src/mpu9250-i2c.c:8:
../Drivers/STM32F4xx_HAL_Driver/Inc/stm32f4xx_hal_i2c.h:570:134: note: expected 'uint8_t *' {aka 'unsigned char *'} but argument is of type 'int'
  570 | HAL_StatusTypeDef HAL_I2C_Mem_Write(I2C_HandleTypeDef *hi2c, uint16_t DevAddress, uint16_t MemAddress, uint16_t MemAddSize, uint8_t *pData, uint16_t Size, uint32_t Timeout);
      |                                                                                                                             ~~~~~~~~~^~~~~
../Core/Src/mpu9250-i2c.c:45:31: warning: passing argument 1 of 'HAL_I2C_Mem_Write' from incompatible pointer type [-Wincompatible-pointer-types]
   45 |             HAL_I2C_Mem_Write(&I2Cx, _addr, ACCEL_CONFIG_1, 1, ACCEL_FS_2G, 1, I2C_TIMEOUT);
      |                               ^~~~~
      |                               |
      |                               I2C_HandleTypeDef **
In file included from ../Core/Inc/stm32f4xx_hal_conf.h:363,
                 from ../Drivers/STM32F4xx_HAL_Driver/Inc/stm32f4xx_hal.h:29,
                 from ../Core/Inc/main.h:30,
                 from ../Core/Inc/mpu9250-i2c.h:20,
                 from ../Core/Src/mpu9250-i2c.c:8:
../Drivers/STM32F4xx_HAL_Driver/Inc/stm32f4xx_hal_i2c.h:570:56: note: expected 'I2C_HandleTypeDef *' but argument is of type 'I2C_HandleTypeDef **'
  570 | HAL_StatusTypeDef HAL_I2C_Mem_Write(I2C_HandleTypeDef *hi2c, uint16_t DevAddress, uint16_t MemAddress, uint16_t MemAddSize, uint8_t *pData, uint16_t Size, uint32_t Timeout);
      |                                     ~~~~~~~~~~~~~~~~~~~^~~~
../Core/Src/mpu9250-i2c.c: In function 'GYRO_SCALE':
../Core/Src/mpu9250-i2c.c:56:31: warning: passing argument 1 of 'HAL_I2C_Mem_Write' from incompatible pointer type [-Wincompatible-pointer-types]
   56 |             HAL_I2C_Mem_Write(&I2Cx, _addr, GYRO_CONFIG, 1, GYRO_FS_250_DPS, 1, I2C_TIMEOUT);
      |                               ^~~~~
      |                               |
      |                               I2C_HandleTypeDef **
In file included from ../Core/Inc/stm32f4xx_hal_conf.h:363,
                 from ../Drivers/STM32F4xx_HAL_Driver/Inc/stm32f4xx_hal.h:29,
                 from ../Core/Inc/main.h:30,
                 from ../Core/Inc/mpu9250-i2c.h:20,
                 from ../Core/Src/mpu9250-i2c.c:8:
../Drivers/STM32F4xx_HAL_Driver/Inc/stm32f4xx_hal_i2c.h:570:56: note: expected 'I2C_HandleTypeDef *' but argument is of type 'I2C_HandleTypeDef **'
  570 | HAL_StatusTypeDef HAL_I2C_Mem_Write(I2C_HandleTypeDef *hi2c, uint16_t DevAddress, uint16_t MemAddress, uint16_t MemAddSize, uint8_t *pData, uint16_t Size, uint32_t Timeout);
      |                                     ~~~~~~~~~~~~~~~~~~~^~~~
../Core/Src/mpu9250-i2c.c:60:31: warning: passing argument 1 of 'HAL_I2C_Mem_Write' from incompatible pointer type [-Wincompatible-pointer-types]
   60 |             HAL_I2C_Mem_Write(&I2Cx, _addr, GYRO_CONFIG, 1, GYRO_FS_500_DPS, 1, I2C_TIMEOUT);
      |                               ^~~~~
      |                               |
      |                               I2C_HandleTypeDef **
In file included from ../Core/Inc/stm32f4xx_hal_conf.h:363,
                 from ../Drivers/STM32F4xx_HAL_Driver/Inc/stm32f4xx_hal.h:29,
                 from ../Core/Inc/main.h:30,
                 from ../Core/Inc/mpu9250-i2c.h:20,
                 from ../Core/Src/mpu9250-i2c.c:8:
../Drivers/STM32F4xx_HAL_Driver/Inc/stm32f4xx_hal_i2c.h:570:56: note: expected 'I2C_HandleTypeDef *' but argument is of type 'I2C_HandleTypeDef **'
  570 | HAL_StatusTypeDef HAL_I2C_Mem_Write(I2C_HandleTypeDef *hi2c, uint16_t DevAddress, uint16_t MemAddress, uint16_t MemAddSize, uint8_t *pData, uint16_t Size, uint32_t Timeout);
      |                                     ~~~~~~~~~~~~~~~~~~~^~~~
../Core/Src/mpu9250-i2c.c:60:61: warning: passing argument 5 of 'HAL_I2C_Mem_Write' makes pointer from integer without a cast [-Wint-conversion]
   60 |             HAL_I2C_Mem_Write(&I2Cx, _addr, GYRO_CONFIG, 1, GYRO_FS_500_DPS, 1, I2C_TIMEOUT);
      |                                                             ^~~~~~~~~~~~~~~
      |                                                             |
      |                                                             int
In file included from ../Core/Inc/stm32f4xx_hal_conf.h:363,
                 from ../Drivers/STM32F4xx_HAL_Driver/Inc/stm32f4xx_hal.h:29,
                 from ../Core/Inc/main.h:30,
                 from ../Core/Inc/mpu9250-i2c.h:20,
                 from ../Core/Src/mpu9250-i2c.c:8:
../Drivers/STM32F4xx_HAL_Driver/Inc/stm32f4xx_hal_i2c.h:570:134: note: expected 'uint8_t *' {aka 'unsigned char *'} but argument is of type 'int'
  570 | HAL_StatusTypeDef HAL_I2C_Mem_Write(I2C_HandleTypeDef *hi2c, uint16_t DevAddress, uint16_t MemAddress, uint16_t MemAddSize, uint8_t *pData, uint16_t Size, uint32_t Timeout);
      |                                                                                                                             ~~~~~~~~~^~~~~
../Core/Src/mpu9250-i2c.c:64:31: warning: passing argument 1 of 'HAL_I2C_Mem_Write' from incompatible pointer type [-Wincompatible-pointer-types]
   64 |             HAL_I2C_Mem_Write(&I2Cx, _addr, GYRO_CONFIG, 1, GYRO_FS_1000_DPS, 1, I2C_TIMEOUT);
      |                               ^~~~~
      |                               |
      |                               I2C_HandleTypeDef **
In file included from ../Core/Inc/stm32f4xx_hal_conf.h:363,
                 from ../Drivers/STM32F4xx_HAL_Driver/Inc/stm32f4xx_hal.h:29,
                 from ../Core/Inc/main.h:30,
                 from ../Core/Inc/mpu9250-i2c.h:20,
                 from ../Core/Src/mpu9250-i2c.c:8:
../Drivers/STM32F4xx_HAL_Driver/Inc/stm32f4xx_hal_i2c.h:570:56: note: expected 'I2C_HandleTypeDef *' but argument is of type 'I2C_HandleTypeDef **'
  570 | HAL_StatusTypeDef HAL_I2C_Mem_Write(I2C_HandleTypeDef *hi2c, uint16_t DevAddress, uint16_t MemAddress, uint16_t MemAddSize, uint8_t *pData, uint16_t Size, uint32_t Timeout);
      |                                     ~~~~~~~~~~~~~~~~~~~^~~~
../Core/Src/mpu9250-i2c.c:64:61: warning: passing argument 5 of 'HAL_I2C_Mem_Write' makes pointer from integer without a cast [-Wint-conversion]
   64 |             HAL_I2C_Mem_Write(&I2Cx, _addr, GYRO_CONFIG, 1, GYRO_FS_1000_DPS, 1, I2C_TIMEOUT);
      |                                                             ^~~~~~~~~~~~~~~~
      |                                                             |
      |                                                             int
In file included from ../Core/Inc/stm32f4xx_hal_conf.h:363,
                 from ../Drivers/STM32F4xx_HAL_Driver/Inc/stm32f4xx_hal.h:29,
                 from ../Core/Inc/main.h:30,
                 from ../Core/Inc/mpu9250-i2c.h:20,
                 from ../Core/Src/mpu9250-i2c.c:8:
../Drivers/STM32F4xx_HAL_Driver/Inc/stm32f4xx_hal_i2c.h:570:134: note: expected 'uint8_t *' {aka 'unsigned char *'} but argument is of type 'int'
  570 | HAL_StatusTypeDef HAL_I2C_Mem_Write(I2C_HandleTypeDef *hi2c, uint16_t DevAddress, uint16_t MemAddress, uint16_t MemAddSize, uint8_t *pData, uint16_t Size, uint32_t Timeout);
      |                                                                                                                             ~~~~~~~~~^~~~~
../Core/Src/mpu9250-i2c.c:68:31: warning: passing argument 1 of 'HAL_I2C_Mem_Write' from incompatible pointer type [-Wincompatible-pointer-types]
   68 |             HAL_I2C_Mem_Write(&I2Cx, _addr, GYRO_CONFIG, 1, GYRO_FS_2000_DPS, 1, I2C_TIMEOUT);
      |                               ^~~~~
      |                               |
      |                               I2C_HandleTypeDef **
In file included from ../Core/Inc/stm32f4xx_hal_conf.h:363,
                 from ../Drivers/STM32F4xx_HAL_Driver/Inc/stm32f4xx_hal.h:29,
                 from ../Core/Inc/main.h:30,
                 from ../Core/Inc/mpu9250-i2c.h:20,
                 from ../Core/Src/mpu9250-i2c.c:8:
../Drivers/STM32F4xx_HAL_Driver/Inc/stm32f4xx_hal_i2c.h:570:56: note: expected 'I2C_HandleTypeDef *' but argument is of type 'I2C_HandleTypeDef **'
  570 | HAL_StatusTypeDef HAL_I2C_Mem_Write(I2C_HandleTypeDef *hi2c, uint16_t DevAddress, uint16_t MemAddress, uint16_t MemAddSize, uint8_t *pData, uint16_t Size, uint32_t Timeout);
      |                                     ~~~~~~~~~~~~~~~~~~~^~~~
../Core/Src/mpu9250-i2c.c:68:61: warning: passing argument 5 of 'HAL_I2C_Mem_Write' makes pointer from integer without a cast [-Wint-conversion]
   68 |             HAL_I2C_Mem_Write(&I2Cx, _addr, GYRO_CONFIG, 1, GYRO_FS_2000_DPS, 1, I2C_TIMEOUT);
      |                                                             ^~~~~~~~~~~~~~~~
      |                                                             |
      |                                                             int
In file included from ../Core/Inc/stm32f4xx_hal_conf.h:363,
                 from ../Drivers/STM32F4xx_HAL_Driver/Inc/stm32f4xx_hal.h:29,
                 from ../Core/Inc/main.h:30,
                 from ../Core/Inc/mpu9250-i2c.h:20,
                 from ../Core/Src/mpu9250-i2c.c:8:
../Drivers/STM32F4xx_HAL_Driver/Inc/stm32f4xx_hal_i2c.h:570:134: note: expected 'uint8_t *' {aka 'unsigned char *'} but argument is of type 'int'
  570 | HAL_StatusTypeDef HAL_I2C_Mem_Write(I2C_HandleTypeDef *hi2c, uint16_t DevAddress, uint16_t MemAddress, uint16_t MemAddSize, uint8_t *pData, uint16_t Size, uint32_t Timeout);
      |                                                                                                                             ~~~~~~~~~^~~~~
../Core/Src/mpu9250-i2c.c:72:31: warning: passing argument 1 of 'HAL_I2C_Mem_Write' from incompatible pointer type [-Wincompatible-pointer-types]
   72 |             HAL_I2C_Mem_Write(&I2Cx, _addr, GYRO_CONFIG, 1, GYRO_FS_250_DPS, 1, I2C_TIMEOUT);
      |                               ^~~~~
      |                               |
      |                               I2C_HandleTypeDef **
In file included from ../Core/Inc/stm32f4xx_hal_conf.h:363,
                 from ../Drivers/STM32F4xx_HAL_Driver/Inc/stm32f4xx_hal.h:29,
                 from ../Core/Inc/main.h:30,
                 from ../Core/Inc/mpu9250-i2c.h:20,
                 from ../Core/Src/mpu9250-i2c.c:8:
../Drivers/STM32F4xx_HAL_Driver/Inc/stm32f4xx_hal_i2c.h:570:56: note: expected 'I2C_HandleTypeDef *' but argument is of type 'I2C_HandleTypeDef **'
  570 | HAL_StatusTypeDef HAL_I2C_Mem_Write(I2C_HandleTypeDef *hi2c, uint16_t DevAddress, uint16_t MemAddress, uint16_t MemAddSize, uint8_t *pData, uint16_t Size, uint32_t Timeout);
      |                                     ~~~~~~~~~~~~~~~~~~~^~~~
../Core/Src/mpu9250-i2c.c: In function 'IMU_INIT':
../Core/Src/mpu9250-i2c.c:81:8: warning: implicit declaration of function 'IS_MPU9250_ON'; did you mean 'INC_MPU9250_H_'? [-Wimplicit-function-declaration]
   81 |     if(IS_MPU9250_ON(addr) == HAL_OK)
      |        ^~~~~~~~~~~~~
      |        INC_MPU9250_H_
../Core/Src/mpu9250-i2c.c:84:27: warning: passing argument 1 of 'HAL_I2C_Mem_Write' from incompatible pointer type [-Wincompatible-pointer-types]
   84 |         HAL_I2C_Mem_Write(&I2Cx, _addr, PWR_MGMT_1, 1, &data , 1,I2C_TIMEOUT);
      |                           ^~~~~
      |                           |
      |                           I2C_HandleTypeDef **
In file included from ../Core/Inc/stm32f4xx_hal_conf.h:363,
                 from ../Drivers/STM32F4xx_HAL_Driver/Inc/stm32f4xx_hal.h:29,
                 from ../Core/Inc/main.h:30,
                 from ../Core/Inc/mpu9250-i2c.h:20,
                 from ../Core/Src/mpu9250-i2c.c:8:
../Drivers/STM32F4xx_HAL_Driver/Inc/stm32f4xx_hal_i2c.h:570:56: note: expected 'I2C_HandleTypeDef *' but argument is of type 'I2C_HandleTypeDef **'
  570 | HAL_StatusTypeDef HAL_I2C_Mem_Write(I2C_HandleTypeDef *hi2c, uint16_t DevAddress, uint16_t MemAddress, uint16_t MemAddSize, uint8_t *pData, uint16_t Size, uint32_t Timeout);
      |                                     ~~~~~~~~~~~~~~~~~~~^~~~
../Core/Src/mpu9250-i2c.c:86:27: warning: passing argument 1 of 'HAL_I2C_Mem_Write' from incompatible pointer type [-Wincompatible-pointer-types]
   86 |         HAL_I2C_Mem_Write(&I2Cx, _addr, SMPLRT_DIV, 1, &data, 1,I2C_TIMEOUT);
      |                           ^~~~~
      |                           |
      |                           I2C_HandleTypeDef **
In file included from ../Core/Inc/stm32f4xx_hal_conf.h:363,
                 from ../Drivers/STM32F4xx_HAL_Driver/Inc/stm32f4xx_hal.h:29,
                 from ../Core/Inc/main.h:30,
                 from ../Core/Inc/mpu9250-i2c.h:20,
                 from ../Core/Src/mpu9250-i2c.c:8:
../Drivers/STM32F4xx_HAL_Driver/Inc/stm32f4xx_hal_i2c.h:570:56: note: expected 'I2C_HandleTypeDef *' but argument is of type 'I2C_HandleTypeDef **'
  570 | HAL_StatusTypeDef HAL_I2C_Mem_Write(I2C_HandleTypeDef *hi2c, uint16_t DevAddress, uint16_t MemAddress, uint16_t MemAddSize, uint8_t *pData, uint16_t Size, uint32_t Timeout);
      |                                     ~~~~~~~~~~~~~~~~~~~^~~~
../Core/Src/mpu9250-i2c.c:87:21: warning: passing argument 1 of 'ACCEL_SCALE' from incompatible pointer type [-Wincompatible-pointer-types]
   87 |         ACCEL_SCALE(&I2Cx, _addr, AccelScale, &pIMU);
      |                     ^~~~~
      |                     |
      |                     I2C_HandleTypeDef **
../Core/Src/mpu9250-i2c.c:23:37: note: expected 'I2C_HandleTypeDef *' but argument is of type 'I2C_HandleTypeDef **'
   23 | void ACCEL_SCALE(I2C_HandleTypeDef* I2Cx, uint8_t _addr, uint8_t Scale, imu_t* pScaleAcc)
      |                  ~~~~~~~~~~~~~~~~~~~^~~~
../Core/Src/mpu9250-i2c.c:87:47: warning: passing argument 4 of 'ACCEL_SCALE' from incompatible pointer type [-Wincompatible-pointer-types]
   87 |         ACCEL_SCALE(&I2Cx, _addr, AccelScale, &pIMU);
      |                                               ^~~~~
      |                                               |
      |                                               imu_t **
../Core/Src/mpu9250-i2c.c:23:80: note: expected 'imu_t *' but argument is of type 'imu_t **'
   23 | void ACCEL_SCALE(I2C_HandleTypeDef* I2Cx, uint8_t _addr, uint8_t Scale, imu_t* pScaleAcc)
      |                                                                         ~~~~~~~^~~~~~~~~
../Core/Src/mpu9250-i2c.c:88:20: warning: passing argument 1 of 'GYRO_SCALE' from incompatible pointer type [-Wincompatible-pointer-types]
   88 |         GYRO_SCALE(&I2Cx, _addr, GyroScale, &pIMU);
      |                    ^~~~~
      |                    |
      |                    I2C_HandleTypeDef **
../Core/Src/mpu9250-i2c.c:50:36: note: expected 'I2C_HandleTypeDef *' but argument is of type 'I2C_HandleTypeDef **'
   50 | void GYRO_SCALE(I2C_HandleTypeDef* I2Cx, uint8_t _addr, uint8_t Scale, imu_t* pScaleGyro)
      |                 ~~~~~~~~~~~~~~~~~~~^~~~
../Core/Src/mpu9250-i2c.c:88:45: warning: passing argument 4 of 'GYRO_SCALE' from incompatible pointer type [-Wincompatible-pointer-types]
   88 |         GYRO_SCALE(&I2Cx, _addr, GyroScale, &pIMU);
      |                                             ^~~~~
      |                                             |
      |                                             imu_t **
../Core/Src/mpu9250-i2c.c:50:79: note: expected 'imu_t *' but argument is of type 'imu_t **'
   50 | void GYRO_SCALE(I2C_HandleTypeDef* I2Cx, uint8_t _addr, uint8_t Scale, imu_t* pScaleGyro)
      |                                                                        ~~~~~~~^~~~~~~~~~
../Core/Src/mpu9250-i2c.c: In function 'IMU_read':
../Core/Src/mpu9250-i2c.c:96:22: warning: passing argument 1 of 'HAL_I2C_Mem_Read' from incompatible pointer type [-Wincompatible-pointer-types]
   96 |     HAL_I2C_Mem_Read(&I2Cx, _addr, ACCEL_OUT, 1, &Acceldata, 6, I2C_TIMEOUT);
      |                      ^~~~~
      |                      |
      |                      I2C_HandleTypeDef **
In file included from ../Core/Inc/stm32f4xx_hal_conf.h:363,
                 from ../Drivers/STM32F4xx_HAL_Driver/Inc/stm32f4xx_hal.h:29,
                 from ../Core/Inc/main.h:30,
                 from ../Core/Inc/mpu9250-i2c.h:20,
                 from ../Core/Src/mpu9250-i2c.c:8:
../Drivers/STM32F4xx_HAL_Driver/Inc/stm32f4xx_hal_i2c.h:571:55: note: expected 'I2C_HandleTypeDef *' but argument is of type 'I2C_HandleTypeDef **'
  571 | HAL_StatusTypeDef HAL_I2C_Mem_Read(I2C_HandleTypeDef *hi2c, uint16_t DevAddress, uint16_t MemAddress, uint16_t MemAddSize, uint8_t *pData, uint16_t Size, uint32_t Timeout);
      |                                    ~~~~~~~~~~~~~~~~~~~^~~~
../Core/Src/mpu9250-i2c.c:96:50: warning: passing argument 5 of 'HAL_I2C_Mem_Read' from incompatible pointer type [-Wincompatible-pointer-types]
   96 |     HAL_I2C_Mem_Read(&I2Cx, _addr, ACCEL_OUT, 1, &Acceldata, 6, I2C_TIMEOUT);
      |                                                  ^~~~~~~~~~
      |                                                  |
      |                                                  uint8_t (*)[6] {aka unsigned char (*)[6]}
In file included from ../Core/Inc/stm32f4xx_hal_conf.h:363,
                 from ../Drivers/STM32F4xx_HAL_Driver/Inc/stm32f4xx_hal.h:29,
                 from ../Core/Inc/main.h:30,
                 from ../Core/Inc/mpu9250-i2c.h:20,
                 from ../Core/Src/mpu9250-i2c.c:8:
../Drivers/STM32F4xx_HAL_Driver/Inc/stm32f4xx_hal_i2c.h:571:133: note: expected 'uint8_t *' {aka 'unsigned char *'} but argument is of type 'uint8_t (*)[6]' {aka 'unsigned char (*)[6]'}
  571 | HAL_StatusTypeDef HAL_I2C_Mem_Read(I2C_HandleTypeDef *hi2c, uint16_t DevAddress, uint16_t MemAddress, uint16_t MemAddSize, uint8_t *pData, uint16_t Size, uint32_t Timeout);
      |                                                                                                                            ~~~~~~~~~^~~~~
../Core/Src/mpu9250-i2c.c:100:1: warning: control reaches end of non-void function [-Wreturn-type]
  100 | }
      | ^
arm-none-eabi-gcc -o "STM32_DSP.elf" @"objects.list"   -mcpu=cortex-m4 -T"C:\Users\pc\Documents\STM32_DSP\STM32_DSP\STM32F446RETX_FLASH.ld" --specs=nosys.specs -Wl,-Map="STM32_DSP.map" -Wl,--gc-sections -static -u _printf_float --specs=nano.specs -mfpu=fpv4-sp-d16 -mfloat-abi=hard -mthumb -Wl,--start-group -lc -lm -Wl,--end-group
Finished building target: STM32_DSP.elf
 
arm-none-eabi-size  STM32_DSP.elf 
arm-none-eabi-objdump -h -S STM32_DSP.elf  > "STM32_DSP.list"
   text	   data	    bss	    dec	    hex	filename
  27720	    476	   2220	  30416	   76d0	STM32_DSP.elf
Finished building: default.size.stdout
 
Finished building: STM32_DSP.list
 

15:05:08 Build Finished. 0 errors, 26 warnings. (took 851ms)

